21 C4 findings re-measured against the GERMAN target

  ADRIFT  8/ 8 runs unmatched  KontextimGesamtprojektBezgezuanderenModulen.page.md
          - '## Kontext im Gesamtprojekt / Bezüge zu anderen Modulen'
          - '### Beziehung zum Modul Person ### Die Zuordnung der Ergebnisse des Befundes zu einem/eine'
          - '### Beziehung zum Modul Bioproben ### Das Modul MOLEKULARGENETISCHER BEFUNDBERICHT referen'
  ADRIFT  8/62 runs unmatched  ReleaseNotes.page.md
          - '### Package Build & Version Consistency Fix'
          - '- **ImplementationGuide Filtering**: Improved package.bake.yaml to exclude ImplementationG'
          - '### Hotfix: Package Build Error'
  ADRIFT  5/14 runs unmatched  BeschreibungvonSzenarienfrdieAnwendungderModule.page.md
          - '#### 1. Somatische Onkologie - BRAF-Mutation bei Kolorektalem Karzinom **Klinisches Szenar'
          - '#### 2. Hereditäre Erkrankung - Cornelia de Lange-Syndrom **Klinisches Szenario**: Kind mi'
          - '#### 3. Hereditäre Tumorprädisposition - BRCA1 bei familiärer Belastung **Klinisches Szena'
  ADRIFT  5/16 runs unmatched  Qualitaetsbericht.page.md
          - '| Metrik | Wert | | ----------------------------- | -------------------- | | **Validierung'
          - '## Bekannte Validierungsfehler (Suppressed)'
          - '### Terminologie-Server Limitierungen'
  ADRIFT  4/27 runs unmatched  BeschreibungModulMolekulargenetischerBefundbericht.page.md
          - '#### In scope In der aktuellen Version ernmöglicht die Spezifikation die strukturierte Dar'
          - 'Ergebnisse auf genomischer Ebene (z.B. Wildtyp, einzelne Variante, und gleichzeitig auftre'
          - '### Hauptelemente des Befundes ###'
  ADRIFT  3/ 4 runs unmatched  CapabilityStatement.page.md
          - 'Um eine dezentrale Datenauswertung mittels des Deutsche Forschungsdatenportal für Gesundhe'
          - 'Canonical: ```https://www.medizininformatik-initiative.de/fhir/ext/modul-molgen/Capability'
          - '[Link Simplifier Profil Übersicht](https://simplifier.net/resolve?canonical=https://www.me'
  ADRIFT  1/26 runs unmatched  ClinicalGenomics.page.md
          - '## Clinical Genomics Terminologien'
  ADRIFT  1/ 6 runs unmatched  Datenstzeinkl.Beschreibungen.page.md
          - 'Zu den Datenelemente, die im Abschnitt **Methoden** beschrieben werden, gehören sequenzbas'
  ADRIFT  1/19 runs unmatched  Familienanamnese-Extensions.page.md
          - 'Diese Seite dokumentiert die spezifischen Extensions für die Familienanamnese im Kontext g'
  ??  Familienanamnese/Index.page.md: source page not found
  ??  GenetischeBefunde/Index.page.md: source page not found
  ??  GenetischeImplikationen/Index.page.md: source page not found
  ??  MIIIGModulMolekulargenetischerBefundbericht/Index.page.md: source page not found
  ??  Methodik/Index.page.md: source page not found
  ??  MolekulareBiomarker/Index.page.md: source page not found
  OK   0/ 4 runs unmatched  Referenzen.page.md
  ??  TechnischeImplementierung/Index.page.md: source page not found
  OK   0/11 runs unmatched  Terminologien.page.md
  ??  Therapieempfehlungen/Index.page.md: source page not found
  OK   0/ 1 runs unmatched  UML.page.md
  ??  Workflow/Index.page.md: source page not found

TOTAL unmatched prose runs against the German target: 36
