reviewed: 21 of 43 rows re-routed
   8  input/pagecontent/profiles.md
   4  input/pagecontent/implementer-guidance.md
   3  input/pagecontent/guidance.md
   2  input/pagecontent/value-sets.md
   2  input/pagecontent/code-systems.md
   2  RETIRED
   1  input/pagecontent/index.md
   1  input/pagecontent/changes.md
   1  input/pagecontent/qualitaetsbericht.md
   1  input/pagecontent/uml-diagrams.md
   1  input/pagecontent/logical-models.md
   1  input/pagecontent/capability-statements.md
   1  input/intro-notes/StructureDefinition-mii-pr-molgen-anforderung-genetischer-test-intro.md
   1  input/intro-notes/StructureDefinition-mii-pr-molgen-molekulargenetischer-befundbericht-intro.md
   1  input/intro-notes/StructureDefinition-mii-pr-molgen-variante-intro.md
   1  input/intro-notes/StructureDefinition-mii-pr-molgen-genotyp-intro.md
   1  input/intro-notes/StructureDefinition-mii-pr-molgen-diagnostische-implikation-intro.md
   1  input/intro-notes/StructureDefinition-mii-pr-molgen-therapeutische-implikation-intro.md
   1  input/intro-notes/StructureDefinition-mii-pr-molgen-molekulare-konsequenz-intro.md
   1  input/intro-notes/StructureDefinition-mii-pr-molgen-mutationslast-intro.md
   1  input/intro-notes/StructureDefinition-mii-pr-molgen-mikrosatelliteninstabilitaet-intro.md
   1  input/intro-notes/StructureDefinition-mii-pr-molgen-polygener-risiko-score-intro.md
   1  input/intro-notes/StructureDefinition-mii-pr-molgen-medikationsempfehlung-intro.md
   1  input/intro-notes/StructureDefinition-mii-pr-molgen-empfohlene-folgemassnahme-intro.md
   1  input/intro-notes/StructureDefinition-mii-pr-molgen-genomic-study-intro.md
   1  input/intro-notes/StructureDefinition-mii-pr-molgen-genomic-study-analysis-intro.md
   1  input/intro-notes/StructureDefinition-mii-pr-molgen-familienanamnese-intro.md
   1  input/pagecontent/extensions.md
