30 example links restored across 17 files
  +1  input/intro-notes/StructureDefinition-mii-pr-molgen-familienanamnese-intro.md
  +1  input/intro-notes/StructureDefinition-mii-pr-molgen-mikrosatelliteninstabilitaet-intro.md
  +1  input/intro-notes/StructureDefinition-mii-pr-molgen-mutationslast-intro.md
  +1  input/intro-notes/StructureDefinition-mii-pr-molgen-polygener-risiko-score-intro.md
  +4  input/translations/de/intro-notes/StructureDefinition-mii-pr-molgen-anforderung-genetischer-test-intro.md
  +4  input/translations/de/intro-notes/StructureDefinition-mii-pr-molgen-diagnostische-implikation-intro.md
  +2  input/translations/de/intro-notes/StructureDefinition-mii-pr-molgen-empfohlene-folgemassnahme-intro.md
  +1  input/translations/de/intro-notes/StructureDefinition-mii-pr-molgen-familienanamnese-intro.md
  +1  input/translations/de/intro-notes/StructureDefinition-mii-pr-molgen-genomic-study-intro.md
  +1  input/translations/de/intro-notes/StructureDefinition-mii-pr-molgen-genotyp-intro.md
  +1  input/translations/de/intro-notes/StructureDefinition-mii-pr-molgen-medikationsempfehlung-intro.md
  +1  input/translations/de/intro-notes/StructureDefinition-mii-pr-molgen-mikrosatelliteninstabilitaet-intro.md
  +2  input/translations/de/intro-notes/StructureDefinition-mii-pr-molgen-molekulare-konsequenz-intro.md
  +1  input/translations/de/intro-notes/StructureDefinition-mii-pr-molgen-mutationslast-intro.md
  +1  input/translations/de/intro-notes/StructureDefinition-mii-pr-molgen-polygener-risiko-score-intro.md
  +1  input/translations/de/intro-notes/StructureDefinition-mii-pr-molgen-therapeutische-implikation-intro.md
  +6  input/translations/de/intro-notes/StructureDefinition-mii-pr-molgen-variante-intro.md
24 not placed (caption did not survive translation recognisably):
   -  StructureDefinition-mii-pr-molgen-familienanamnese-intro.md | '' -> mii-exa-molgen-family-member-history-2
   -  StructureDefinition-mii-pr-molgen-familienanamnese-intro.md | '' -> mii-exa-molgen-family-member-history-2
   -  StructureDefinition-mii-pr-molgen-diagnostische-implikation-intro.md | 'Beispiel 1: Diagnostische Implikation BR' -> mii-exa-molgen-diagnostische-implikation-1
   -  StructureDefinition-mii-pr-molgen-diagnostische-implikation-intro.md | 'Beispiel 2: Diagnostische Implikation NI' -> mii-exa-molgen-diagnostische-implikation-2
   -  StructureDefinition-mii-pr-molgen-diagnostische-implikation-intro.md | 'Beispiel 3: Diagnostische Implikation CN' -> mii-exa-molgen-diagnostische-implikation-cnv-4
   -  StructureDefinition-mii-pr-molgen-diagnostische-implikation-intro.md | 'Beispiel 4: Diagnostische Implikation au' -> mii-exa-molgen-diagnostische-implikation-brca1
   -  StructureDefinition-mii-pr-molgen-molekulare-konsequenz-intro.md | 'Beispiel 1: MolekulareKonsequenz für BRA' -> mii-exa-molgen-molekulare-konsequenz-1
   -  StructureDefinition-mii-pr-molgen-molekulare-konsequenz-intro.md | 'Beispiel 2: MolekulareKonsequenz für NIP' -> mii-exa-molgen-molekulare-konsequenz-2
