26 example sections written, 54 links total
   4  input/intro-notes/StructureDefinition-mii-pr-molgen-anforderung-genetischer-test-intro.md
   4  input/intro-notes/StructureDefinition-mii-pr-molgen-diagnostische-implikation-intro.md
   2  input/intro-notes/StructureDefinition-mii-pr-molgen-empfohlene-folgemassnahme-intro.md
   2  input/intro-notes/StructureDefinition-mii-pr-molgen-familienanamnese-intro.md
   1  input/intro-notes/StructureDefinition-mii-pr-molgen-genomic-study-intro.md
   1  input/intro-notes/StructureDefinition-mii-pr-molgen-genotyp-intro.md
   1  input/intro-notes/StructureDefinition-mii-pr-molgen-medikationsempfehlung-intro.md
   1  input/intro-notes/StructureDefinition-mii-pr-molgen-mikrosatelliteninstabilitaet-intro.md
   2  input/intro-notes/StructureDefinition-mii-pr-molgen-molekulare-konsequenz-intro.md
   1  input/intro-notes/StructureDefinition-mii-pr-molgen-mutationslast-intro.md
   1  input/intro-notes/StructureDefinition-mii-pr-molgen-polygener-risiko-score-intro.md
   1  input/intro-notes/StructureDefinition-mii-pr-molgen-therapeutische-implikation-intro.md
   6  input/intro-notes/StructureDefinition-mii-pr-molgen-variante-intro.md
   4  input/translations/de/intro-notes/StructureDefinition-mii-pr-molgen-anforderung-genetischer-test-intro.md
   4  input/translations/de/intro-notes/StructureDefinition-mii-pr-molgen-diagnostische-implikation-intro.md
   2  input/translations/de/intro-notes/StructureDefinition-mii-pr-molgen-empfohlene-folgemassnahme-intro.md
   2  input/translations/de/intro-notes/StructureDefinition-mii-pr-molgen-familienanamnese-intro.md
   1  input/translations/de/intro-notes/StructureDefinition-mii-pr-molgen-genomic-study-intro.md
   1  input/translations/de/intro-notes/StructureDefinition-mii-pr-molgen-genotyp-intro.md
   1  input/translations/de/intro-notes/StructureDefinition-mii-pr-molgen-medikationsempfehlung-intro.md
   1  input/translations/de/intro-notes/StructureDefinition-mii-pr-molgen-mikrosatelliteninstabilitaet-intro.md
   2  input/translations/de/intro-notes/StructureDefinition-mii-pr-molgen-molekulare-konsequenz-intro.md
   1  input/translations/de/intro-notes/StructureDefinition-mii-pr-molgen-mutationslast-intro.md
   1  input/translations/de/intro-notes/StructureDefinition-mii-pr-molgen-polygener-risiko-score-intro.md
   1  input/translations/de/intro-notes/StructureDefinition-mii-pr-molgen-therapeutische-implikation-intro.md
   6  input/translations/de/intro-notes/StructureDefinition-mii-pr-molgen-variante-intro.md
