{
 "artefact_decls": {
  "Alias": 42,
  "Extension": 5,
  "Instance": 166,
  "Logical": 1,
  "Mapping": 16,
  "Profile": 16,
  "RuleSet": 14,
  "ValueSet": 4
 },
 "generated_resources": {
  "Bundle": 7,
  "CapabilityStatement": 1,
  "ChargeItem": 4,
  "Condition": 2,
  "Device": 5,
  "DiagnosticReport": 7,
  "DocumentReference": 2,
  "FamilyMemberHistory": 6,
  "ImplementationGuide": 1,
  "Media": 1,
  "Observation": 29,
  "Patient": 5,
  "PlanDefinition": 1,
  "Practitioner": 3,
  "Procedure": 10,
  "RiskAssessment": 1,
  "SearchParameter": 6,
  "ServiceRequest": 6,
  "Specimen": 7,
  "StructureDefinition": 22,
  "Task": 4,
  "ValueSet": 4
 },
 "generated_total": 134,
 "narrative_pages": 41,
 "narrative_words": 17365,
 "narrative_assets": 4
}
trees: [{"tree": "implementation-guides/ImplementationGuide-1.x", "role": "harvest-seed/retained", "md_pages": 49}, {"tree": "implementation-guides/ImplementationGuide-2025.x-DE", "role": "harvest-seed/retained", "md_pages": 49}, {"tree": "implementation-guides/ImplementationGuide-2026.x-DE", "role": "authoritative", "md_pages": 41}]
