info  Running SUSHI v3.20.0 (implements FHIR Shorthand specification v3.0.0)
info  Arguments:
info    /Users/thome/code/fhir-profiling/kerndatensatzmodul-GenetischeTests
info  No output path specified. Output to .
info  Using configuration file: /Users/thome/code/fhir-profiling/kerndatensatzmodul-GenetischeTests/sushi-config.yaml
info  Importing FSH text...
info  Preprocessed 41 documents with 91 aliases.
info  Imported 26 definitions and 122 instances.
info  Loaded virtual package sushi-r5forR4#1.0.0 with 7 resources
info  Resolved hl7.fhir.uv.tools.r4#latest to concrete version 1.1.2
info  Loaded hl7.fhir.uv.tools.r4#1.1.2 with 119 resources
info  Loaded hl7.terminology.r4#6.1.0 with 4315 resources
info  Loaded hl7.fhir.uv.genomics-reporting#3.0.0 with 93 resources
info  Loaded de.medizininformatikinitiative.kerndatensatz.meta#2026.0.0 with 173 resources
info  Loaded de.basisprofil.r4#1.5.4 with 168 resources
info  Loaded de.medizininformatikinitiative.kerndatensatz.base#2026.0.1 with 36 resources
info  Loaded de.medizininformatikinitiative.kerndatensatz.biobank#2026.0.1 with 42 resources
info  Loaded hl7.fhir.uv.crmi#2.0.0 with 123 resources
info  Loaded hl7.fhir.r4.core#4.0.1 with 4581 resources
info  Loaded hl7.fhir.uv.extensions.r4#5.3.0 with 885 resources
info  Loaded virtual package sushi-local#LOCAL with 1 resources
info  Converting FSH to FHIR resources...
info  Converted 22 FHIR StructureDefinitions.
info  Converted 4 FHIR ValueSets.
info  Converted 122 FHIR instances.
info  Exporting FHIR resources as JSON...
info  Exported 133 FHIR resources as JSON.
info  Assembling Implementation Guide sources...
info  Generated ImplementationGuide-mii-ig-molgen-de-v2026.json
info  Assembled Implementation Guide sources; ready for IG Publisher.
info  The _build script hosted at https://github.com/HL7/ig-publisher-scripts is useful for downloading and running the IG Publisher.

========================= SUSHI RESULTS ===========================
|  -------------------------------------------------------------  |
| |    Profiles   |  Extensions  |   Logicals   |   Resources   | |
| |-------------------------------------------------------------| |
| |      16       |      5       |      1       |       0       | |
|  -------------------------------------------------------------  |
|  -------------------------------------------------------------  |
| |      ValueSets     |    CodeSystems    |     Instances      | |
| |-------------------------------------------------------------| |
| |         4          |         0         |        122         | |
|  -------------------------------------------------------------  |
|                                                                 |
===================================================================
| Nice job! Are you hooked yet?          0 Errors      0 Warnings |
===================================================================
|    You are using SUSHI version 3.20.0, but the latest stable    |
| release is version 3.20.1. To install the latest release, run:  |
|                    npm install -g fsh-sushi                     |
===================================================================

